Server is running at http://localhost:3000
FETCHING: https://www.espncricinfo.com/live-cricket-match-schedule-fixtures?quick_class_id=t20
FETCHING: https://www.espncricinfo.com/live-cricket-match-schedule-fixtures?quick_class_id=t20
FETCHING: https://www.espncricinfo.com/live-cricket-match-schedule-fixtures?quick_class_id=t20
FETCHING: https://www.espncricinfo.com/live-cricket-match-schedule-fixtures?quick_class_id=t20
FETCHING: https://www.espncricinfo.com/series/ipl-2026-1510719/punjab-kings-vs-royal-challengers-bengaluru-61st-match-1529304/full-scorecard
FETCHING: https://www.espncricinfo.com/series/ipl-2026-1510719/rajasthan-royals-vs-lucknow-super-giants-64th-match-1529307/live-cricket-score
FETCHING: https://www.espncricinfo.com/series/ipl-2026-1510719/rajasthan-royals-vs-lucknow-super-giants-64th-match-1529307/live-cricket-score
FETCHING: https://www.espncricinfo.com/live-cricket-match-schedule-fixtures?quick_class_id=t20
FETCHING: https://www.espncricinfo.com/live-cricket-match-schedule-fixtures?quick_class_id=t20
FETCHING: https://www.espncricinfo.com/live-cricket-match-schedule-fixtures?quick_class_id=t20
FETCHING: https://www.espncricinfo.com/series/ipl-2026-1510719/punjab-kings-vs-royal-challengers-bengaluru-61st-match-1529304/full-scorecard
FETCHING: https://www.espncricinfo.com/live-cricket-match-schedule-fixtures?quick_class_id=t20
FETCHING: https://www.espncricinfo.com/series/ipl-2026-1510719/punjab-kings-vs-royal-challengers-bengaluru-61st-match-1529304/full-scorecard
FETCHING: https://www.espncricinfo.com/live-cricket-match-schedule-fixtures?quick_class_id=t20
FETCHING: https://www.espncricinfo.com/series/ipl-2026-1510719/punjab-kings-vs-royal-challengers-bengaluru-61st-match-1529304/full-scorecard
FETCHING: https://www.espncricinfo.com/live-cricket-match-schedule-fixtures?quick_class_id=t20
FETCHING: https://www.espncricinfo.com/series/malaysia-women-vs-nepal-women-1st-t20i-1537329/malaysia-women-vs-nepal-women-1st-t20i-1536409/live-cricket-score
FETCHING: https://www.espncricinfo.com/series/malaysia-women-vs-nepal-women-1st-t20i-1537329/malaysia-women-vs-nepal-women-1st-t20i-1536409/live-cricket-score
FETCHING: https://www.espncricinfo.com/series/abahani-limited-vs-prime-bank-cricket-club-31st-match-1534991/abahani-limited-vs-prime-bank-cricket-club-31st-match-1536264/live-cricket-score
FETCHING: https://www.espncricinfo.com/series/abahani-limited-vs-prime-bank-cricket-club-31st-match-1534991/abahani-limited-vs-prime-bank-cricket-club-31st-match-1536264/live-cricket-score
FETCHING: https://www.espncricinfo.com/series/ipl-2026-1510719/rajasthan-royals-vs-lucknow-super-giants-64th-match-1529307/live-cricket-score
FETCHING: https://www.espncricinfo.com/series/ipl-2026-1510719/rajasthan-royals-vs-lucknow-super-giants-64th-match-1529307/live-cricket-score
FETCHING: https://www.espncricinfo.com/series/ipl-2026-1510719/rajasthan-royals-vs-lucknow-super-giants-64th-match-1529307/live-cricket-score
FETCHING: https://www.espncricinfo.com/live-cricket-match-schedule-fixtures?quick_class_id=t20
FETCHING: https://www.espncricinfo.com/live-cricket-match-schedule-fixtures?quick_class_id=t20
FETCHING: https://www.espncricinfo.com/series/ipl-2026-1510719/punjab-kings-vs-royal-challengers-bengaluru-61st-match-1529304/full-scorecard
FETCHING: https://www.espncricinfo.com/series/ipl-2026-1510719/punjab-kings-vs-royal-challengers-bengaluru-61st-match-1529304/full-scorecard
